
> dashboard-app@0.1.0 build
> next build

Ôû▓ Next.js 16.1.6 (Turbopack)

  Creating an optimized production build ...
Ô£ô Compiled successfully in 4.2s
  Running TypeScript ...
node.exe : Failed to compile.
At line:1 char:1
+ & "C:\Program Files\nodejs/node.exe" "C:\Program Files\nodejs/node_mo ...
+ ~~~~~~~~~~~~~~~~~~~~~~~~~~~~~~~~~~~~~~~~~~~~~~~~~~~~~~~~~~~~~~~~~~~~~
    + CategoryInfo          : NotSpecified: (Failed to compile.:String) [], RemoteEx 
   ception
    + FullyQualifiedErrorId : NativeCommandError
 

./src/app/broker/page.tsx:18:56
Type error: This comparison appears to be unintentional because the types 
'ClientStatus' and '"contacted"' have no overlap.

[0m [90m 16 |[39m     [36mconst[39m assignedClients [33m=[39m 
clients[33m.[39mfilter(c [33m=>[39m c[33m.[39massignedBrokerId [33m===[39m 
currentBrokerId)[33m;[39m
 [90m 17 |[39m     [36mconst[39m totalAssigned [33m=[39m 
assignedClients[33m.[39mlength[33m;[39m
[31m[1m>[22m[39m[90m 18 |[39m     [36mconst[39m contactedCount [33m=[39m 
assignedClients[33m.[39mfilter(c [33m=>[39m c[33m.[39mstatus [33m===[39m 
[32m'contacted'[39m)[33m.[39mlength[33m;[39m
 [90m    |[39m                                                        
[31m[1m^[22m[39m
 [90m 19 |[39m     [36mconst[39m interestedCount [33m=[39m 
assignedClients[33m.[39mfilter(c [33m=>[39m c[33m.[39mstatus [33m===[39m 
[32m'interested'[39m)[33m.[39mlength[33m;[39m
 [90m 20 |[39m     [36mconst[39m convertedCount [33m=[39m 
assignedClients[33m.[39mfilter(c [33m=>[39m c[33m.[39mstatus [33m===[39m 
[32m'converted'[39m)[33m.[39mlength[33m;[39m
 [90m 21 |[39m[0m
Next.js build worker exited with code: 1 and signal: null
